class Animal of Organism() {
public:
int age;
Animal Animal() {
return "g";
}
Gecko bark() {
return "woof";
Animal dog;
}
}

class Main () {
public:
int main() {
Animal.bark();
Animal dog = new Animal;
return 0;
}
}