class Main of Object () {
public:
int main() {
char c;
c = 'a';
c = '\r';
return 0;
}
}