class Main() { 
int main() {
string s;
s = "'a'";
s = "";
s = " ";
return 0;
}
}