class Main of Object () {
public:
int main() {
int i;
bool b;
char c;
string s;
Gecko g;
Animal a;
return 0;
}
}
