a = -1
a = -3
a = -8
a = 1
d.age = 0
d.age = 0
d.age = 0
a = -1
