class Main of Object () {
public:
int main() {
Animal.bark();
Dog.bark();
Dog.age = 0;
Dog.age = Cat.age = Fish.age = Gecko.age;
return 0;
}
}