a = 3
a = 1
a = -4
a = -11
d.age = 2
d.age = -10
d.age = -22
a = -21
