class Main() {
int main() {
int i = 0;
int j;
i = 1;
int k;
for (int i = 0; i < 10; i++) {
    int w;
}
return 0;
}
}