class Main of Object () { 
int main() {
char c;
c = 'a';
c = '\r';
return 0;
}
}