class Main of Object () {                    
int main() {
return 0;
}
int x;
bool univ hotdog() {
return false;
}
int mustard;
string relish;
}