successfully incremented a
successfully decremented a
successfully incremented f
successfully decremented f
