class Animal of Organism () {
permit:
int age;
string Animal() {
return "g";
Cat c = Cat.Cat(hi, 7, "bruh");
Cat c = Cat.Cat();
}
Gecko bark() {
return "woof";
Animal dog;
}
}

class Main of Object () {
public:
int main() {
Animal.bark();
Animal dog = d;
return 0;
}
}
