int main()
{
int i;
i = 1;
i+=1;
i-=1;
i*=4;
i/=2;
return 0;
}