class Main() {
int univ main() {
int i;
int j;
i = 1;
return 0;
}
}