hello\nGot new instance
assign below
10 leaves
ruff ruff
howdy
ruff ruff
