class Main of Object () {
public:
int main() {
Animal.bark();
Dog.bark();
return 0;
}
permit:
private:
}