Incremented i
Incremented i
Incremented i
Incremented i
Incremented i
Incremented i
Incremented i
while done
